#-----------------------------------------------------------
# Vivado v2024.2.1 (64-bit)
# SW Build 5266912 on Sun Dec 15 09:03:24 MST 2024
# IP Build 5264866 on Sun Dec 15 16:27:47 MST 2024
# SharedData Build 5264680 on Wed Dec 11 12:48:36 MST 2024
# Start of session at: Thu Apr 17 18:22:41 2025
# Process ID         : 56764
# Current directory  : E:/Digital System FPGA/DSL_1D_project_Normal/DSL_1D_project_Normal.runs/impl_1
# Command line       : vivado.exe -log Normal_code.vdi -applog -product Vivado -messageDb vivado.pb -mode batch -source Normal_code.tcl -notrace
# Log file           : E:/Digital System FPGA/DSL_1D_project_Normal/DSL_1D_project_Normal.runs/impl_1/Normal_code.vdi
# Journal file       : E:/Digital System FPGA/DSL_1D_project_Normal/DSL_1D_project_Normal.runs/impl_1\vivado.jou
# Running On         : WR_Laptop
# Platform           : Windows Server 2016 or Windows 10
# Operating System   : 26100
# Processor Detail   : AMD Ryzen 7 6800H with Radeon Graphics         
# CPU Frequency      : 3194 MHz
# CPU Physical cores : 8
# CPU Logical cores  : 16
# Host memory        : 16312 MB
# Swap memory        : 18253 MB
# Total Virtual      : 34566 MB
# Available Virtual  : 16096 MB
#-----------------------------------------------------------
source Normal_code.tcl -notrace
